export const snapshot = {};

snapshot[`global > scaffold > can display help 1`] = `
'
  \\x1b[1mUsage:\\x1b[22m   \\x1b[35mscaffold \\x1b[33m<\\x1b[35m\\x1b[35mrepo\\x1b[35m\\x1b[33m>\\x1b[35m \\x1b[33m[\\x1b[35m\\x1b[35mfolder\\x1b[35m\\x1b[33m]\\x1b[35m\\x1b[39m
  \\x1b[1mVersion:\\x1b[22m \\x1b[33m0.1.0\\x1b[39m                   

  \\x1b[1mDescription:\\x1b[22m

    🏗️ Scaffold a new project from any GitHub, GitLab or BitBucket git repository.

  \\x1b[1mOptions:\\x1b[22m

    \\x1b[34m-h\\x1b[39m, \\x1b[34m--help\\x1b[39m                     \\x1b[31m\\x1b[1m-\\x1b[22m\\x1b[39m Show this help.                                                                                                                    
    \\x1b[34m-V\\x1b[39m, \\x1b[34m--version\\x1b[39m                  \\x1b[31m\\x1b[1m-\\x1b[22m\\x1b[39m Show the version number for this program.                                                                                          
    \\x1b[34m-c\\x1b[39m, \\x1b[34m--cache\\x1b[39m           \\x1b[33m[\\x1b[39m\\x1b[35mcache\\x1b[39m\\x1b[33m]\\x1b[39m  \\x1b[31m\\x1b[1m-\\x1b[22m\\x1b[39m Set the cache directory relative to the current directory.                                                                         
    \\x1b[34m--no-cache\\x1b[39m                     \\x1b[31m\\x1b[1m-\\x1b[22m\\x1b[39m Disable the cache.                                                                                                                 
    \\x1b[34m-d\\x1b[39m, \\x1b[34m--debug\\x1b[39m                    \\x1b[31m\\x1b[1m-\\x1b[22m\\x1b[39m Enable debug logging (shorthand for \\x1b[3m\\x1b[90m--log-level=debug\\x1b[39m\\x1b[23m                                                                              
    \\x1b[34m-f\\x1b[39m, \\x1b[34m--force\\x1b[39m                    \\x1b[31m\\x1b[1m-\\x1b[22m\\x1b[39m Overwrite files even if they already exist.                                                                                        
    \\x1b[34m-l\\x1b[39m, \\x1b[34m--log-level\\x1b[39m       \\x1b[33m[\\x1b[39m\\x1b[35mlevel\\x1b[39m\\x1b[33m]\\x1b[39m  \\x1b[31m\\x1b[1m-\\x1b[22m\\x1b[39m Set the log level.                                                              (\\x1b[1mValues: \\x1b[22m\\x1b[32m"debug"\\x1b[39m, \\x1b[32m"info"\\x1b[39m, \\x1b[32m"warn"\\x1b[39m, \\x1b[32m"error"\\x1b[39m, \\x1b[32m"fatal"\\x1b[39m)
    \\x1b[34m-s\\x1b[39m, \\x1b[34m--silent\\x1b[39m                   \\x1b[31m\\x1b[1m-\\x1b[22m\\x1b[39m Disable all logging.                                                                                                               
    \\x1b[34m--no-template\\x1b[39m                  \\x1b[31m\\x1b[1m-\\x1b[22m\\x1b[39m Disable loading the \\x1b[3m\\x1b[90mtemplate.config.ts\\x1b[39m\\x1b[23m file.                                                                                       
    \\x1b[34m-n\\x1b[39m, \\x1b[34m--name\\x1b[39m            \\x1b[33m[\\x1b[39m\\x1b[35mname\\x1b[39m\\x1b[33m]\\x1b[39m   \\x1b[31m\\x1b[1m-\\x1b[22m\\x1b[39m Set the name to be used in the template                                                                                            
    \\x1b[34m--description\\x1b[39m         \\x1b[33m[\\x1b[39m\\x1b[35mname\\x1b[39m\\x1b[33m]\\x1b[39m   \\x1b[31m\\x1b[1m-\\x1b[22m\\x1b[39m Set the description to be used in the template                                                                                     
    \\x1b[34m-y\\x1b[39m, \\x1b[34m--no-interactive\\x1b[39m           \\x1b[31m\\x1b[1m-\\x1b[22m\\x1b[39m Disable the interactive prompt.                                                                                                    
    \\x1b[34m--use-temp-source\\x1b[39m              \\x1b[31m\\x1b[1m-\\x1b[22m\\x1b[39m Copy local files to a temporary directory before scaffolding. This might break                                                     
                                     local imports.                                                                                                                     

'
`;

snapshot[`global > scaffold > can create templates from local folders 1`] = `
{
  ".gitignore": "NOTHING",
  ".should-include": "",
  "asdf/index.js": 'import * as fs from "node:fs/promises";

export function asdf(filepath) {
  return fs.writeFile(filepath, "asdf");
}
',
  "asdf/package.json": '{
  "name": "asdf",
  "version": "1.0.0",
  "type": "module",
  "exports": "./index.js"
}
',
  file: "",
  "hello.text": "hello world",
  "package.json": '{
  "name": "scaffold",
  "description": "A scaffold for Deno",
  "dependencies": {
    "asdf": "^1.2.2"
  },
  "version": "1.0.0"
}
',
  "rename-thee.md": "Should be renamed from \`rename-me.md\` to \`rename-thee.md\`.
",
  "scaffold.json": "{}
",
}
`;
