export const snapshot = {};

snapshot[`global > scaffold > can create templates from local folders 1`] = `
{
  ".gitignore": "NOTHING",
  ".should-include": "",
  "asdf/index.js": 'import * as fs from "node:fs/promises";

export function asdf(filepath) {
  return fs.writeFile(filepath, "asdf");
}
',
  "asdf/package.json": '{
  "name": "asdf",
  "version": "1.0.0",
  "type": "module",
  "exports": "./index.js"
}
',
  file: "",
  "hello.text": "hello world",
  "package.json": '{
  "name": "scaffold",
  "description": "A scaffold for Deno",
  "dependencies": {
    "asdf": "^1.2.2"
  },
  "version": "1.0.0"
}
',
  "rename-thee.md": "Should be renamed from \`rename-me.md\` to \`rename-thee.md\`.
",
  "scaffold.json": "{}
",
}
`;
