export const snapshot = {};

snapshot[`global > scaffold > can create templates from local folders 1`] = `
{
  ".gitignore": "NOTHING",
  ".should-include": "",
  "asdf/index.js": 'import * as fs from "node:fs/promises";\\n\\nexport function asdf(filepath) {\\n  return fs.writeFile(filepath, "asdf");\\n}\\n',
  "asdf/package.json": '{\\n  "name": "asdf",\\n  "version": "1.0.0",\\n  "type": "module",\\n  "exports": "./index.js"\\n}\\n',
  file: "",
  "hello.text": "hello world",
  "package.json": '{\\n  "name": "scaffold",\\n  "description": "A scaffold for Deno",\\n  "dependencies": {\\n    "asdf": "^1.2.2"\\n  },\\n  "version": "1.0.0"\\n}\\n',
  "rename-thee.md": "Should be renamed from \`rename-me.md\` to \`rename-thee.md\`.\\n",
  "scaffold.json": "{}\\n",
}
`;
